<div class="highlight"><pre><span></span><span class="o">&lt;</span>?<span class="nv">php</span>

<span class="nv">class</span> <span class="nv">Foo</span>
{
    <span class="nv">const</span> <span class="nv">TEST_CONST</span> <span class="o">=</span> <span class="mi">1</span><span class="c1">;</span>

    <span class="nv">public</span> <span class="nv">static</span> $<span class="nv">staticProperty</span> <span class="o">=</span> <span class="nv">null</span><span class="c1">;</span>

    <span class="nv">public</span> $<span class="nv">property</span> <span class="o">=</span> <span class="nv">null</span><span class="c1">;</span>

    <span class="nv">public</span> <span class="nv">static</span> <span class="nv">function</span> <span class="nv">staticMethod</span><span class="ss">()</span>
    {
        <span class="k">return</span> <span class="nv">new</span> <span class="nv">static</span><span class="ss">()</span><span class="c1">;</span>
    }

    <span class="nv">public</span> <span class="nv">function</span> <span class="nv">method</span><span class="ss">()</span>
    {
        <span class="k">return</span> $<span class="nv">this</span><span class="c1">;</span>
    }

}
</pre></div>
